
rohit@INTO-THE-ALPHA MINGW64 ~/Downloads/FinalProject (master)
$ git config --global user.name yash

rohit@INTO-THE-ALPHA MINGW64 ~/Downloads/FinalProject (master)
$ git config --global user.email "yashwanthkumar707@gmail.com
> "

rohit@INTO-THE-ALPHA MINGW64 ~/Downloads/FinalProject (master)
$ git config --global user.email "yashwanthkumar707@gmail.com"

rohit@INTO-THE-ALPHA MINGW64 ~/Downloads/FinalProject (master)
$ git config --global user.name "yash"

rohit@INTO-THE-ALPHA MINGW64 ~/Downloads/FinalProject (master)
$ touch .gitignore

rohit@INTO-THE-ALPHA MINGW64 ~/Downloads/FinalProject (master)
$ git init
Reinitialized existing Git repository in C:/Users/rohit/Downloads/FinalProject/.git/

rohit@INTO-THE-ALPHA MINGW64 ~/Downloads/FinalProject (master)
$ git add.
git: 'add.' is not a git command. See 'git --help'.

The most similar command is
        add

rohit@INTO-THE-ALPHA MINGW64 ~/Downloads/FinalProject (master)
$ git add .

rohit@INTO-THE-ALPHA MINGW64 ~/Downloads/FinalProject (master)
$ git add
Nothing specified, nothing added.
hint: Maybe you wanted to say 'git add .'?
hint: Turn this message off by running
hint: "git config advice.addEmptyPathspec false"

rohit@INTO-THE-ALPHA MINGW64 ~/Downloads/FinalProject (master)
$ git commit -m "Intitial commit"
[master df5b6e7] Intitial commit
 1 file changed, 0 insertions(+), 0 deletions(-)
 create mode 100644 .gitignore

rohit@INTO-THE-ALPHA MINGW64 ~/Downloads/FinalProject (master)
$ git status
On branch master
nothing to commit, working tree clean

rohit@INTO-THE-ALPHA MINGW64 ~/Downloads/FinalProject (master)
$ git remote add origin git@github.com:Yashwanthk5/final-project.git
error: remote origin already exists.

rohit@INTO-THE-ALPHA MINGW64 ~/Downloads/FinalProject (master)
$ git config --global user.name yash

rohit@INTO-THE-ALPHA MINGW64 ~/Downloads/FinalProject
$ git config --global user.email "yashwanthkumar707@gmail.com"

rohit@INTO-THE-ALPHA MINGW64 ~/Downloads/FinalProject
$ git config --global user.name "yash"

rohit@INTO-THE-ALPHA MINGW64 ~/Downloads/FinalProject
$ git init
Initialized empty Git repository in C:/Users/rohit/Downloads/FinalProject/.git/

rohit@INTO-THE-ALPHA MINGW64 ~/Downloads/FinalProject (master)
$ git add .
warning: in the working copy of 'FinalProject/.gitignore', LF will be replaced by CRLF the next time Git touches it
warning: in the working copy of 'FinalProject/.mvn/wrapper/maven-wrapper.properties', LF will be replaced by CRLF the next time Git touches it
warning: in the working copy of 'FinalProject/FinalProject/.gitignore', LF will be replaced by CRLF the next time Git touches it
warning: in the working copy of 'FinalProject/FinalProject/.mvn/wrapper/maven-wrapper.properties', LF will be replaced by CRLF the next time Git touches it
warning: in the working copy of 'FinalProject/FinalProject/mvnw', LF will be replaced by CRLF the next time Git touches it
warning: in the working copy of 'FinalProject/FinalProject/mvnw.cmd', LF will be replaced by CRLF the next time Git touches it
warning: in the working copy of 'FinalProject/FinalProject/pom.xml', LF will be replaced by CRLF the next time Git touches it
warning: in the working copy of 'FinalProject/FinalProject/src/main/java/com/FinalProject/FinalProjectApplication.java', LF will be replaced by CRLF the next time Git touches it
warning: in the working copy of 'FinalProject/FinalProject/src/main/resources/application.properties', LF will be replaced by CRLF the next time Git touches it
warning: in the working copy of 'FinalProject/FinalProject/src/test/java/com/FinalProject/FinalProjectApplicationTests.java', LF will be replaced by CRLF the next time Git touches it
warning: in the working copy of 'FinalProject/mvnw', LF will be replaced by CRLF the next time Git touches it
warning: in the working copy of 'FinalProject/mvnw.cmd', LF will be replaced by CRLF the next time Git touches it
warning: in the working copy of 'FinalProject/pom.xml', LF will be replaced by CRLF the next time Git touches it
warning: in the working copy of 'FinalProject/src/main/java/com/FinalProject/FinalProjectApplication.java', LF will be replaced by CRLF the next time Git touches it
warning: in the working copy of 'FinalProject/src/main/resources/application.properties', LF will be replaced by CRLF the next time Git touches it
warning: in the working copy of 'FinalProject/src/test/java/com/FinalProject/FinalProjectApplicationTests.java', LF will be replaced by CRLF the next time Git touches it
warning: in the working copy of 'bin/FinalProject/.gitignore', LF will be replaced by CRLF the next time Git touches it
warning: in the working copy of 'bin/FinalProject/.mvn/wrapper/maven-wrapper.properties', LF will be replaced by CRLF the next time Git touches it
warning: in the working copy of 'bin/FinalProject/mvnw', LF will be replaced by CRLF the next time Git touches it
warning: in the working copy of 'bin/FinalProject/mvnw.cmd', LF will be replaced by CRLF the next time Git touches it
warning: in the working copy of 'bin/FinalProject/pom.xml', LF will be replaced by CRLF the next time Git touches it
warning: in the working copy of 'bin/FinalProject/src/main/resources/application.properties', LF will be replaced by CRLF the next time Git touches it

rohit@INTO-THE-ALPHA MINGW64 ~/Downloads/FinalProject (master)
$ git commit -m "Initial commit"
[master (root-commit) 49803e6] Initial commit
 47 files changed, 2360 insertions(+)
 create mode 100644 .gitignore
 create mode 100644 .project
 create mode 100644 .vscode/settings.json
 create mode 100644 FinalProject/.gitignore
 create mode 100644 FinalProject/.mvn/wrapper/maven-wrapper.jar
 create mode 100644 FinalProject/.mvn/wrapper/maven-wrapper.properties
 create mode 100644 FinalProject/FinalProject/.gitignore
 create mode 100644 FinalProject/FinalProject/.mvn/wrapper/maven-wrapper.jar
 create mode 100644 FinalProject/FinalProject/.mvn/wrapper/maven-wrapper.properties
 create mode 100644 FinalProject/FinalProject/mvnw
 create mode 100644 FinalProject/FinalProject/mvnw.cmd
 create mode 100644 FinalProject/FinalProject/pom.xml
 create mode 100644 FinalProject/FinalProject/src/main/java/com/FinalProject/FinalProjectApplication.java
 create mode 100644 FinalProject/FinalProject/src/main/java/com/FinalProject/UserController.java
 create mode 100644 FinalProject/FinalProject/src/main/java/com/dao/UserDao.java
 create mode 100644 FinalProject/FinalProject/src/main/java/com/dao/UserRepo.java
 create mode 100644 FinalProject/FinalProject/src/main/java/com/model/User.java
 create mode 100644 FinalProject/FinalProject/src/main/resources/application.properties
 create mode 100644 FinalProject/FinalProject/src/test/java/com/FinalProject/FinalProjectApplicationTests.java
 create mode 100644 FinalProject/mvnw
 create mode 100644 FinalProject/mvnw.cmd
 create mode 100644 FinalProject/pom.xml
 create mode 100644 FinalProject/src/main/java/com/FinalProject/FinalProjectApplication.java
 create mode 100644 FinalProject/src/main/java/com/FinalProject/UserController.java
 create mode 100644 FinalProject/src/main/java/com/FinalProject/VideoController.java
 create mode 100644 FinalProject/src/main/java/com/dao/UserDao.java
 create mode 100644 FinalProject/src/main/java/com/dao/UserRepo.java
 create mode 100644 FinalProject/src/main/java/com/dao/VideoDao.java
 create mode 100644 FinalProject/src/main/java/com/dao/VideoRepo.java
 create mode 100644 FinalProject/src/main/java/com/model/User.java
 create mode 100644 FinalProject/src/main/java/com/model/Video.java
 create mode 100644 FinalProject/src/main/resources/application.properties
 create mode 100644 FinalProject/src/test/java/com/FinalProject/FinalProjectApplicationTests.java
 create mode 100644 bin/.project
 create mode 100644 bin/FinalProject/.gitignore
 create mode 100644 bin/FinalProject/.mvn/wrapper/maven-wrapper.jar
 create mode 100644 bin/FinalProject/.mvn/wrapper/maven-wrapper.properties
 create mode 100644 bin/FinalProject/mvnw
 create mode 100644 bin/FinalProject/mvnw.cmd
 create mode 100644 bin/FinalProject/pom.xml
 create mode 100644 bin/FinalProject/src/main/java/com/FinalProject/FinalProjectApplication.class
 create mode 100644 bin/FinalProject/src/main/java/com/FinalProject/UserController.class
 create mode 100644 bin/FinalProject/src/main/java/com/dao/UserDao.class
 create mode 100644 bin/FinalProject/src/main/java/com/dao/UserRepo.class
 create mode 100644 bin/FinalProject/src/main/java/com/model/User.class
 create mode 100644 bin/FinalProject/src/main/resources/application.properties
 create mode 100644 bin/FinalProject/src/test/java/com/FinalProject/FinalProjectApplicationTests.class

rohit@INTO-THE-ALPHA MINGW64 ~/Downloads/FinalProject (master)
$ git status
On branch master
nothing to commit, working tree clean

rohit@INTO-THE-ALPHA MINGW64 ~/Downloads/FinalProject (master)
$ git remote add origin git@github.com:Yashwanthk5/final-project.git

rohit@INTO-THE-ALPHA MINGW64 ~/Downloads/FinalProject (master)
$ git push origin master
ERROR: Permission to Yashwanthk5/final-project.git denied to coder24rohit.
fatal: Could not read from remote repository.

Please make sure you have the correct access rights
and the repository exists.

rohit@INTO-THE-ALPHA MINGW64 ~/Downloads/FinalProject (master)
$ ssh-keygen -t rsa -b 4096 -C "yashwanthkumar707@gmail.com"
Generating public/private rsa key pair.
Enter file in which to save the key (/c/Users/rohit/.ssh/id_rsa):
/c/Users/rohit/.ssh/id_rsa already exists.
Overwrite (y/n)? y
Enter passphrase (empty for no passphrase):
Enter same passphrase again:
Your identification has been saved in /c/Users/rohit/.ssh/id_rsa
Your public key has been saved in /c/Users/rohit/.ssh/id_rsa.pub
The key fingerprint is:
SHA256:dlHkMpUhrTqIjm45xLON2HWoWTRQjIgYYiLtJaVrC68 yashwanthkumar707@gmail.com
The key's randomart image is:
+---[RSA 4096]----+
|B= =o     .o=o   |
|O =.o      =o    |
| ..+      +..    |
|  ..o     .+     |
|..o. + .S..      |
| ++.= o.o.       |
| +o& .   .       |
|..@ o            |
|Eo..             |
+----[SHA256]-----+

rohit@INTO-THE-ALPHA MINGW64 ~/Downloads/FinalProject (master)
$ cat /c/Users/rohit/.ssh/id_rsa.pub
ssh-rsa AAAAB3NzaC1yc2EAAAADAQABAAACAQDBEahxEIJ6uDxNgpqI72qPy3ClWfJmkPo1D0tL5X8tiMRpAUZRCLfss6XQiXDMgS9D+7JkC8IbD7Em1PUSgaI33AblUK2aDBKrdXP/2JbCTnrvwPu/HwSDGfQ7OZdlCoY6Rz5dQNfTCBcjJlMSHpPOhQNbvPk1PZTrhfFhQ19dqF9VxLtJrd1Iz3YY+4TCD2Uy06ucJJku+bKLPAlHcJyq5t6FP9M9bYiUhUXV+oqAvCP5LdIdA5hIu7Ypx8LFjVew0tSoZ53BM1dfqHfNlYvs20ZFuNmznmrO/T+h0IxvCDzqDBnhF6cEYUBfOtLEyTxGzGRAWD2a5bDYprTEfCG40H0w6Yp5lh7hBLVpC4cAOvLkN84OOlVMeo7xqkyjm5XC1i9ZX7LsSddmhSU5KoJQut119awbtGg4PvFM2xmDb2EBFvJHbUDkzk+VViW930arlwfkydiepCXWS/9QMDE/ETUEpI7Zl1eQa6SxDagQ9SaFxxLE69Ch2uUHOcDHjN55pj76bIWYhYA6rUf5S85UEE4eUH7fERWidHigJANe5963wgBYBM5NOo/K9B/KmetJZMuIKyQiE9PR1COQFqEvZ21MKVmmOHWUoQ1aCFhy6827kCEhisH9OaB6JrrU3/PkQfZSV5NFpyDIwnukU5nVFciyLUpssv0c9R3czTVS8w== yashwanthkumar707@gmail.com

rohit@INTO-THE-ALPHA MINGW64 ~/Downloads/FinalProject (master)
$ git push origin master
Enumerating objects: 68, done.
Counting objects: 100% (68/68), done.
Delta compression using up to 8 threads
Compressing objects: 100% (54/54), done.
Writing objects: 100% (68/68), 66.72 KiB | 339.00 KiB/s, done.
Total 68 (delta 12), reused 0 (delta 0), pack-reused 0
remote: Resolving deltas: 100% (12/12), done.
To github.com:Yashwanthk5/final-project.git
 * [new branch]      master -> master

rohit@INTO-THE-ALPHA MINGW64 ~/Downloads/FinalProject (master)
$
